     1                                 %line 1+1 calculate_balance.asm
     2                                 
     3                                 [global calculate_balance]
     4                                 
     5                                 [section .data]
     6                                 
     7                                 
     8 00000000 50C3                    num dw 50000
     9                                 [section .bss]
    10 00000000 <gap>                   account resb 10
    11                                 
    12                                 
    13                                 [section .text]
    14                                 
    15                                 
    16                                 
    17                                 
    18                                 
    19                                 
    20                                 calculate_balance:
    21 00000000 55                      push rbp
    22 00000001 4889E5                  mov rbp, rsp
    23                                 
    24                                 
    25                                 
    26                                 
    27                                 
    28 00000004 48893C25[00000000]      mov [account], rdi
    29 0000000C 488B0425[00000000]      mov rax, [account]
    30 00000014 4801F7                  add rdi, rsi
    31 00000017 480FAFFE                imul rdi, rsi
    32 0000001B 4831F0                  xor rax, rsi
    33 0000001E 4821F8                  and rax, rdi
    34 00000021 48890425[00000000]      mov [account], rax
    35 00000029 48C7C200000000          mov rdx, 0
    36 00000030 48F73C25[00000000]      idiv qword [num]
    37 00000038 4881C250C30000          add rdx, 50000
    38 0000003F 4889D0                  mov rax, rdx
    39                                 
    40                                 
    41                                 
    42                                 
    43                                 
    44 00000042 C9                      leave
    45 00000043 C3                      ret
