     1                                 %line 1+1 greeting.asm
     2                                 
     3                                 [global greeting]
     4                                 
     5                                 [section .data]
     6                                 
     7                                 
     8 00000000 57656C636F6D652074-     output db "Welcome to the bank of <<Redacted>>", 0xa
     9 00000000 6F207468652062616E-
    10 00000000 6B206F66203C3C5265-
    11 00000000 6461637465643E3E0A 
    12                                  length equ $ - output
    13                                 
    14                                 
    15                                 
    16                                 [section .text]
    17                                 
    18                                 
    19                                 greeting:
    20 00000000 55                      push rbp
    21 00000001 4889E5                  mov rbp, rsp
    22                                 
    23                                 
    24                                 
    25 00000004 B804000000              mov eax, 4
    26 00000009 BB01000000              mov ebx, 1
    27 0000000E B9[00000000]            mov ecx, output
    28 00000013 BA24000000              mov edx, length
    29 00000018 CD80                    int 0x80
    30                                 
    31 0000001A 31C0                    xor eax, eax
    32 0000001C 31DB                    xor ebx, ebx
    33                                 
    34                                 
    35 0000001E C9                      leave
    36 0000001F C3                      ret
