     1                                 %line 1+1 greeting.asm
     2                                 
     3                                 [global greeting]
     4                                 
     5                                 [section .data]
     6                                 
     7                                 
     8 00000000 48656C6C6F20776F72-     output db "Hello world", 0xa
     9 00000000 6C640A             
    10                                  length equ $ - output
    11                                 
    12                                 
    13                                 
    14                                 [section .text]
    15                                 
    16                                 
    17                                 greeting:
    18 00000000 55                      push rbp
    19 00000001 4889E5                  mov rbp, rsp
    20                                 
    21                                 
    22                                 
    23 00000004 B804000000              mov eax, 4
    24 00000009 BB01000000              mov ebx, 1
    25 0000000E B9[00000000]            mov ecx, output
    26 00000013 BA0C000000              mov edx, length
    27 00000018 CD80                    int 0x80
    28                                 
    29 0000001A B801000000              mov eax, 1
    30 0000001F 31DB                    xor ebx, ebx
    31 00000021 CD80                    int 0x80
    32                                 
    33                                 
    34 00000023 C9                      leave
    35 00000024 C3                      ret
