     1                                 %line 1+1 obscure_pin.asm
     2                                 [global obscure_pin]
     3                                 
     4                                 [section .data]
     5                                 
     6                                 
     7                                 
     8 00000000 00                      counter db 0
     9                                 
    10                                 [section .bss]
    11 00000000 <gap>                   obscured resb 100
    12 00000064 <gap>                   pin resb 100
    13                                 
    14                                 
    15                                 
    16                                 
    17                                 
    18                                 [section .text]
    19                                 obscure_pin:
    20 00000000 55                      push rbp
    21 00000001 4889E5                  mov rbp, rsp
    22                                 
    23                                 
    24                                 
    25                                 
    26                                 
    27 00000004 BB03000000              mov ebx, 3
    28 00000009 31C0                    xor eax, eax
    29 0000000B 48893C25[00000000]      mov [pin], rdi
    30 00000013 BE[00000000]            mov esi, pin
    31                                 
    32                                 
    33                                 iterate :
    34 00000018 670FB60E                movzx ecx, byte [esi]
    35 0000001C 83F900                  cmp ecx, 0
    36 0000001F 7419                    je done
    37 00000021 83E930                  sub ecx, 48
    38 00000024 83F10F                  xor ecx, 0xF
    39 00000027 83C130                  add ecx, 48
    40 0000002A 67898B[00000000]        mov [obscured + ebx], ecx
    41 00000031 B8[00000000]            mov eax, obscured
    42 00000036 FFCB                    dec ebx
    43 00000038 FFC6                    inc esi
    44 0000003A EBDA                    jmp iterate
    45                                 
    46                                 
    47                                 done:
    48                                 
    49                                 
    50                                 
    51                                 
    52                                 
    53                                 
    54                                 
    55                                 
    56                                 
    57                                 
    58 0000003C C9                      leave
    59 0000003D C3                      ret
